[debug] [2026-01-12T21:39:23.270Z] ----------------------------------------------------------------------
[debug] [2026-01-12T21:39:23.272Z] Command:       /nix/store/ws50yvm6vzlzf7jzz6n7xh4szddrack1-nodejs-20.19.1/bin/node /nix/store/c776mhyhgykcld7p90ajrka149ifn61a-firebase-tools-14.26.0/lib/node_modules/firebase-tools/lib/bin/firebase.js init hosting
[debug] [2026-01-12T21:39:23.273Z] CLI Version:   14.26.0
[debug] [2026-01-12T21:39:23.273Z] Platform:      linux
[debug] [2026-01-12T21:39:23.273Z] Node Version:  v20.19.1
[debug] [2026-01-12T21:39:23.273Z] Time:          Mon Jan 12 2026 21:39:23 GMT+0000 (Coordinated Universal Time)
[debug] [2026-01-12T21:39:23.274Z] ----------------------------------------------------------------------
[debug] 
[debug] [2026-01-12T21:39:23.280Z] Checked if tokens are valid: true, expires at: 1768257054657
[debug] [2026-01-12T21:39:23.280Z] Checked if tokens are valid: true, expires at: 1768257054657
[debug] [2026-01-12T21:39:23.284Z] >>> [apiv2][query] GET https://monospace-pa.googleapis.com/v1/workspaces/ai-canvas-toolgit-81327312 [none]
[debug] [2026-01-12T21:39:24.207Z] <<< [apiv2][status] GET https://monospace-pa.googleapis.com/v1/workspaces/ai-canvas-toolgit-81327312 200
[debug] [2026-01-12T21:39:24.208Z] <<< [apiv2][body] GET https://monospace-pa.googleapis.com/v1/workspaces/ai-canvas-toolgit-81327312 {"workspaceId":"ai-canvas-toolgit-81327312","name":"AI-Canvas-Tool.git","workspaceRedirectUrl":"firebase-ai-canvas-toolgit-1768240586588.cluster-w5vd22whf5gmav2vgkomwtc4go.cloudworkstations.dev","status":"WORKSPACE_STATUS_RUNNING","lastAccessDatetime":"2026-01-12T21:30:57.770646Z","workspaceTemplate":"WORKSPACE_TEMPLATE_BLANK_WEB","owner":"SELF","serviceAccountEmail":"msp-3585855092646019370@monospace-per-ws-sa-10.iam.gserviceaccount.com","gitRepoUrl":"https://github.com/nomilogic/AI-Canvas-Tool.git","enableNix":true,"ownerEmail":"chocolate.friend@gmail.com","workstationAccessToken":"eyJhbGciOiJSUzI1NiIsInR5cCI6IkpXVCJ9.eyJpc3MiOiJodHRwczovL2Nsb3VkLmdvb2dsZS5jb20vd29ya3N0YXRpb25zIiwiYXVkIjoiZmlyZWJhc2UtYWktY2FudmFzLXRvb2xnaXQtMTc2ODI0MDU4NjU4OC5jbHVzdGVyLXc1dmQyMndoZjVnbWF2MnZna29td3RjNGdvLmNsb3Vkd29ya3N0YXRpb25zLmRldiIsImlhdCI6MTc2ODI1Mzk2NCwiZXhwIjoxNzY4MzQwMzY0fQ.caDClYmDvRdBo80DmEzqHoxFh2uptkqzIerXyhEykL3JyUbEzvrsQ03EcvE9Qoh3jFKTgW0PXQlYcGlHBNcmnIEsHMRpXE1alfgeGHGOTQ9D3DLYgYW2N58fer6J15B-4v3xNNVg0uBFNaHu2gAaWqveMj0ArGipzOInYRaHA2-EH8Onj5VEXeM-PVZ48yC-XBkowyVjTzJBFgosed1wPMojSUeVO2IShOU8FZZy5DEYSQXcMlv5QvMRAfOwVah16BK7lrHHDhgA0ygzbzShnjBoFa9IkUGKqgHYvPu7JVXcBmt7kAdAqzaX5rkmteMgmWyiVf2HMDFXp7ABgvWQ_Q","firebaseProjectId":"studio-844579863-34abe"}
[info] 
     ######## #### ########  ######## ########     ###     ######  ########
     ##        ##  ##     ## ##       ##     ##  ##   ##  ##       ##
     ######    ##  ########  ######   ########  #########  ######  ######
     ##        ##  ##    ##  ##       ##     ## ##     ##       ## ##
     ##       #### ##     ## ######## ########  ##     ##  ######  ########

You're about to initialize a Firebase project in this directory:

  /home/user/AI-Canvas-Tool

[info] 
=== Project Setup
[info] 
[info] First, let's associate this project directory with a Firebase project.
[info] You can create multiple project aliases by running firebase use --add, 
[info] 
[debug] [2026-01-12T21:39:24.212Z] > command requires scopes: ["email","openid","https://www.googleapis.com/auth/cloudplatformprojects.readonly","https://www.googleapis.com/auth/firebase","https://www.googleapis.com/auth/cloud-platform","https://www.googleapis.com/auth/userinfo.email"]
[debug] [2026-01-12T21:39:24.213Z] > authorizing via signed-in user (chocolate.friend@gmail.com)
[debug] [2026-01-12T21:39:24.213Z] Checked if tokens are valid: true, expires at: 1768257054657
[debug] [2026-01-12T21:39:24.213Z] Checked if tokens are valid: true, expires at: 1768257054657
[debug] [2026-01-12T21:39:24.214Z] >>> [apiv2][query] GET https://firebase.googleapis.com/v1beta1/projects/studio-844579863-34abe [none]
[debug] [2026-01-12T21:39:24.452Z] <<< [apiv2][status] GET https://firebase.googleapis.com/v1beta1/projects/studio-844579863-34abe 200
[debug] [2026-01-12T21:39:24.453Z] <<< [apiv2][body] GET https://firebase.googleapis.com/v1beta1/projects/studio-844579863-34abe {"projectId":"studio-844579863-34abe","projectNumber":"840520343880","displayName":"Firebase app","name":"projects/studio-844579863-34abe","resources":{"hostingSite":"studio-844579863-34abe"},"state":"ACTIVE","etag":"1_064f5252-3f9c-457a-aa5e-52194a8abb5b"}
[info] i  Using project studio-844579863-34abe (Firebase app) . 
[info] 
=== Hosting Setup
[debug] [2026-01-12T21:39:24.466Z] Checked if tokens are valid: true, expires at: 1768257054657
[debug] [2026-01-12T21:39:24.466Z] Checked if tokens are valid: true, expires at: 1768257054657
[debug] [2026-01-12T21:39:24.466Z] >>> [apiv2][query] GET https://firebase.googleapis.com/v1beta1/projects/studio-844579863-34abe [none]
[debug] [2026-01-12T21:39:24.660Z] <<< [apiv2][status] GET https://firebase.googleapis.com/v1beta1/projects/studio-844579863-34abe 200
[debug] [2026-01-12T21:39:24.660Z] <<< [apiv2][body] GET https://firebase.googleapis.com/v1beta1/projects/studio-844579863-34abe {"projectId":"studio-844579863-34abe","projectNumber":"840520343880","displayName":"Firebase app","name":"projects/studio-844579863-34abe","resources":{"hostingSite":"studio-844579863-34abe"},"state":"ACTIVE","etag":"1_064f5252-3f9c-457a-aa5e-52194a8abb5b"}
[info] 
[info] i  Detected a .git folder at /home/user/AI-Canvas-Tool 
[info] i  Authorizing with GitHub to upload your service account to a GitHub repository's secrets store. 
[info] 
[info] Visit this URL on this device to log in:
[info] https://github.com/login/oauth/authorize?client_id=89cf50f02ac6aaed3484&state=128160142&redirect_uri=http%3A%2F%2Flocalhost%3A9005&scope=read%3Auser%20repo%20public_repo
[info] 
[info] Waiting for authentication...
